// Jest Snapshot v1, https://goo.gl/fbAQLP

exports[`FormGroup should render 1`] = `
<div>
  <div
    class="form-group mb-3 text-undefined"
    data-testid="form-group"
  >
    test
  </div>
</div>
`;
